05-11 11:11:29 com_github_MitjaNemec_ReplicateLayout.action_replicate_layout 409:Plugin executed on: 'linux'
05-11 11:11:29 com_github_MitjaNemec_ReplicateLayout.action_replicate_layout 410:Plugin executed with python version: '3.13.3 (main, Apr  9 2025, 07:44:25) [GCC 14.2.1 20250207]'
05-11 11:11:29 com_github_MitjaNemec_ReplicateLayout.action_replicate_layout 411:KiCad build version: 9.0.2
05-11 11:11:29 com_github_MitjaNemec_ReplicateLayout.action_replicate_layout 412:Plugin version: 4.0.2
05-11 11:11:29 com_github_MitjaNemec_ReplicateLayout.action_replicate_layout 413:Frame repr: <wx._core.Frame object at 0x78e755a6f0b0>
05-11 11:11:29 com_github_MitjaNemec_ReplicateLayout.action_replicate_layout 437:Preparing replicator with D601 as a reference
05-11 11:11:29 com_github_MitjaNemec_ReplicateLayout.replicate_layout 117:getting a list of all footprints on board
05-11 11:11:29 com_github_MitjaNemec_ReplicateLayout.action_replicate_layout 485:source anchor footprint is 'D601'
Located on: ['/SSR 4/']
With filenames: ['ssr.kicad_sch']
With sheet_id:['/SSR 4/']
05-11 11:11:29 com_github_MitjaNemec_ReplicateLayout.action_replicate_layout 492:Corresponding footprints are 
[('D301', ['/SSR 1/']), ('D401', ['/SSR 2/']), ('D601', ['/SSR 4/']), ('D501', ['/SSR 3/'])]
05-11 11:11:29 com_github_MitjaNemec_ReplicateLayout.action_replicate_layout 504:Showing dialog
05-11 11:11:29 com_github_MitjaNemec_ReplicateLayout.replicate_layout 472:constructing a list of sheets suitable for replication on level:'/SSR 4/', file:'ssr.kicad_sch'
05-11 11:11:29 com_github_MitjaNemec_ReplicateLayout.replicate_layout 509:suitable sheets are:[['/SSR 1/'], ['/SSR 2/'], ['/SSR 3/']]
05-11 11:11:29 com_github_MitjaNemec_ReplicateLayout.replicate_layout 1507:Level selected: ['/SSR 4/']
05-11 11:11:29 com_github_MitjaNemec_ReplicateLayout.replicate_layout 1331:Filtering list of tracks
05-11 11:11:29 com_github_MitjaNemec_ReplicateLayout.action_replicate_layout 510:Toolbar position: wx.Point(1406, 124)
05-11 11:11:29 com_github_MitjaNemec_ReplicateLayout.action_replicate_layout 515:Dialog position: wx.Point(967, 124)
05-11 11:11:36 com_github_MitjaNemec_ReplicateLayout.replicate_layout 472:constructing a list of sheets suitable for replication on level:'/SSR 4/', file:'ssr.kicad_sch'
05-11 11:11:36 com_github_MitjaNemec_ReplicateLayout.replicate_layout 509:suitable sheets are:[['/SSR 1/'], ['/SSR 2/'], ['/SSR 3/']]
05-11 11:11:36 com_github_MitjaNemec_ReplicateLayout.replicate_layout 1507:Level selected: ['/SSR 4/']
05-11 11:11:36 com_github_MitjaNemec_ReplicateLayout.replicate_layout 1331:Filtering list of tracks
05-11 11:11:37 com_github_MitjaNemec_ReplicateLayout.replicate_layout 472:constructing a list of sheets suitable for replication on level:'/SSR 4/', file:'ssr.kicad_sch'
05-11 11:11:37 com_github_MitjaNemec_ReplicateLayout.replicate_layout 509:suitable sheets are:[['/SSR 1/'], ['/SSR 2/'], ['/SSR 3/']]
05-11 11:11:37 com_github_MitjaNemec_ReplicateLayout.replicate_layout 1507:Level selected: ['/SSR 4/']
05-11 11:11:37 com_github_MitjaNemec_ReplicateLayout.replicate_layout 1331:Filtering list of tracks
05-11 11:11:45 com_github_MitjaNemec_ReplicateLayout.replicate_layout 472:constructing a list of sheets suitable for replication on level:'/SSR 4/', file:'ssr.kicad_sch'
05-11 11:11:45 com_github_MitjaNemec_ReplicateLayout.replicate_layout 509:suitable sheets are:[['/SSR 1/'], ['/SSR 2/'], ['/SSR 3/']]
05-11 11:11:45 com_github_MitjaNemec_ReplicateLayout.replicate_layout 1507:Level selected: ['/SSR 4/']
05-11 11:11:45 com_github_MitjaNemec_ReplicateLayout.replicate_layout 1331:Filtering list of tracks
05-11 11:11:46 com_github_MitjaNemec_ReplicateLayout.replicate_layout 472:constructing a list of sheets suitable for replication on level:'/SSR 4/', file:'ssr.kicad_sch'
05-11 11:11:46 com_github_MitjaNemec_ReplicateLayout.replicate_layout 509:suitable sheets are:[['/SSR 1/'], ['/SSR 2/'], ['/SSR 3/']]
05-11 11:11:46 com_github_MitjaNemec_ReplicateLayout.replicate_layout 1507:Level selected: ['/SSR 4/']
05-11 11:11:46 com_github_MitjaNemec_ReplicateLayout.replicate_layout 1331:Filtering list of tracks
05-11 11:11:52 com_github_MitjaNemec_ReplicateLayout.replicate_layout 472:constructing a list of sheets suitable for replication on level:'/SSR 4/', file:'ssr.kicad_sch'
05-11 11:11:52 com_github_MitjaNemec_ReplicateLayout.replicate_layout 509:suitable sheets are:[['/SSR 1/'], ['/SSR 2/'], ['/SSR 3/']]
05-11 11:11:52 com_github_MitjaNemec_ReplicateLayout.action_replicate_layout 248:Replicating layout
05-11 11:11:52 com_github_MitjaNemec_ReplicateLayout.replicate_layout 288:Starting replication of sheets: [['/SSR 1/'], ['/SSR 2/'], ['/SSR 3/']]
on level: ['/SSR 4/']
with tracks=True, zone=True, text=True, text=True, intersecting=False, remove=False, locked footprints=False, group_only=False
05-11 11:11:52 root 340:updating GUI message: 'Preparing for replication'
05-11 11:11:53 root 345:updating GUI with: 0
05-11 11:11:53 com_github_MitjaNemec_ReplicateLayout.replicate_layout 358:Getting the list of source footprints
05-11 11:11:53 root 345:updating GUI with: 0
05-11 11:11:53 com_github_MitjaNemec_ReplicateLayout.replicate_layout 368:Getting the list of all the remaining footprints
05-11 11:11:53 com_github_MitjaNemec_ReplicateLayout.replicate_layout 375:Getting source tracks
05-11 11:11:53 com_github_MitjaNemec_ReplicateLayout.replicate_layout 1331:Filtering list of tracks
05-11 11:11:53 com_github_MitjaNemec_ReplicateLayout.replicate_layout 379:Getting source zones
05-11 11:11:53 com_github_MitjaNemec_ReplicateLayout.replicate_layout 383:Getting source text items
05-11 11:11:53 com_github_MitjaNemec_ReplicateLayout.replicate_layout 387:Getting source drawing items
05-11 11:11:53 root 340:updating GUI message: 'Replicating footprints'
05-11 11:11:53 com_github_MitjaNemec_ReplicateLayout.replicate_layout 861:Replicating footprints
05-11 11:11:53 com_github_MitjaNemec_ReplicateLayout.replicate_layout 868:Replicating footprints on sheet ['/SSR 1/']
05-11 11:11:53 com_github_MitjaNemec_ReplicateLayout.replicate_layout 985:Src text UUid:adfbd636-20c9-4dc8-a0ef-5cacda59ab59
05-11 11:11:53 com_github_MitjaNemec_ReplicateLayout.replicate_layout 986:Dst text UUid:893886e9-19fe-4b2c-be3b-91b3b9abacfe
05-11 11:11:53 com_github_MitjaNemec_ReplicateLayout.replicate_layout 985:Src text UUid:2ad6c8f5-c3cd-41d5-a7c0-f3d45a9bb8ee
05-11 11:11:53 com_github_MitjaNemec_ReplicateLayout.replicate_layout 986:Dst text UUid:f9c17fbf-2fbe-4194-b85c-1b1f282e937a
05-11 11:11:53 com_github_MitjaNemec_ReplicateLayout.replicate_layout 985:Src text UUid:87aae159-9028-4536-8d80-8bdb2885504e
05-11 11:11:53 com_github_MitjaNemec_ReplicateLayout.replicate_layout 986:Dst text UUid:4a5b6887-510b-4d14-864c-c7e21a3f4bcc
05-11 11:11:53 com_github_MitjaNemec_ReplicateLayout.replicate_layout 985:Src text UUid:38d11e16-d97b-47d6-a379-511d8d6cba18
05-11 11:11:53 com_github_MitjaNemec_ReplicateLayout.replicate_layout 986:Dst text UUid:e78294a7-9ae4-4a83-8418-e2d1e0dd77cc
05-11 11:11:53 com_github_MitjaNemec_ReplicateLayout.replicate_layout 985:Src text UUid:c34865d8-bdf8-401a-b8bc-82909f1f9aa0
05-11 11:11:53 com_github_MitjaNemec_ReplicateLayout.replicate_layout 986:Dst text UUid:8ca3b04d-8e31-4781-b8b8-43e9feda556b
05-11 11:11:53 com_github_MitjaNemec_ReplicateLayout.replicate_layout 985:Src text UUid:b2e65f3f-a43c-4136-87ce-c6d9597c4fa1
05-11 11:11:53 com_github_MitjaNemec_ReplicateLayout.replicate_layout 986:Dst text UUid:55d49815-3b5c-4f3d-834c-4e47ea7e18ff
05-11 11:11:53 com_github_MitjaNemec_ReplicateLayout.replicate_layout 985:Src text UUid:500a11ee-766e-4464-a52d-34b538df9d89
05-11 11:11:53 com_github_MitjaNemec_ReplicateLayout.replicate_layout 986:Dst text UUid:03e416c0-ef0b-43ec-9c40-a5c384134fa3
05-11 11:11:53 com_github_MitjaNemec_ReplicateLayout.replicate_layout 985:Src text UUid:706769e2-f75c-49bd-9ba5-ba354ce21533
05-11 11:11:53 com_github_MitjaNemec_ReplicateLayout.replicate_layout 986:Dst text UUid:5240ca7e-3f33-488e-a332-b24a0c574b3d
05-11 11:11:53 com_github_MitjaNemec_ReplicateLayout.replicate_layout 985:Src text UUid:d56ed395-80c4-4776-8e5b-ee66fca2d3a9
05-11 11:11:53 com_github_MitjaNemec_ReplicateLayout.replicate_layout 986:Dst text UUid:e84a1fbb-81ec-4c85-88ac-380d8b4532b4
05-11 11:11:53 com_github_MitjaNemec_ReplicateLayout.replicate_layout 985:Src text UUid:ff2b82e0-88fe-4a7b-87f5-2ebe0a6374b3
05-11 11:11:53 com_github_MitjaNemec_ReplicateLayout.replicate_layout 986:Dst text UUid:61fa1750-d6cd-48e6-b198-bfdddfaea621
05-11 11:11:53 com_github_MitjaNemec_ReplicateLayout.replicate_layout 985:Src text UUid:e767c010-a19f-4206-a3e7-aa882c318126
05-11 11:11:53 com_github_MitjaNemec_ReplicateLayout.replicate_layout 986:Dst text UUid:8fd25f25-d081-4e56-8ac5-53bc15e2027c
05-11 11:11:53 com_github_MitjaNemec_ReplicateLayout.replicate_layout 985:Src text UUid:8a05fd95-1885-4d2e-94d8-6309aefe82f5
05-11 11:11:53 com_github_MitjaNemec_ReplicateLayout.replicate_layout 986:Dst text UUid:7126b00e-e8dd-42f3-936a-fb7f851cb3bf
05-11 11:11:53 root 345:updating GUI with: 23
05-11 11:11:53 com_github_MitjaNemec_ReplicateLayout.replicate_layout 985:Src text UUid:976addd1-f235-4367-a9bf-ccc2086c12a0
05-11 11:11:53 com_github_MitjaNemec_ReplicateLayout.replicate_layout 986:Dst text UUid:3de1c355-5818-420d-a791-3e545064873a
05-11 11:11:53 com_github_MitjaNemec_ReplicateLayout.replicate_layout 985:Src text UUid:d80cd762-4252-4d30-8643-fc70af7cddb8
05-11 11:11:53 com_github_MitjaNemec_ReplicateLayout.replicate_layout 986:Dst text UUid:a6f27a87-f761-4505-8da8-048fc3a71f5e
05-11 11:11:53 com_github_MitjaNemec_ReplicateLayout.replicate_layout 985:Src text UUid:d1ff22cf-c9e0-4430-9734-2d8bd88fdfc7
05-11 11:11:53 com_github_MitjaNemec_ReplicateLayout.replicate_layout 986:Dst text UUid:53cb4853-b9f8-4593-ad89-3e8a83aaa312
05-11 11:11:53 com_github_MitjaNemec_ReplicateLayout.replicate_layout 985:Src text UUid:001be0c7-ca2c-41d5-92df-cfe01870035b
05-11 11:11:53 com_github_MitjaNemec_ReplicateLayout.replicate_layout 986:Dst text UUid:81e97b92-f1c4-4cff-adea-f5c1d4d22a4d
05-11 11:11:53 com_github_MitjaNemec_ReplicateLayout.replicate_layout 985:Src text UUid:1fff252c-fb37-4185-bab5-4d515e458108
05-11 11:11:53 com_github_MitjaNemec_ReplicateLayout.replicate_layout 986:Dst text UUid:fd3a9355-f180-45dc-ad2d-e92ebff7a532
05-11 11:11:53 com_github_MitjaNemec_ReplicateLayout.replicate_layout 985:Src text UUid:75676c3a-91ce-4072-a417-90c3903e21d4
05-11 11:11:53 com_github_MitjaNemec_ReplicateLayout.replicate_layout 986:Dst text UUid:f16cf2a7-1052-41e7-aa59-856c89b15bfa
05-11 11:11:53 com_github_MitjaNemec_ReplicateLayout.replicate_layout 985:Src text UUid:e44baea5-9fca-42ea-a3f7-b06b6bc4af1f
05-11 11:11:53 com_github_MitjaNemec_ReplicateLayout.replicate_layout 986:Dst text UUid:27f9fa1e-aa20-4d6d-b504-bfe82f1c7e00
05-11 11:11:53 com_github_MitjaNemec_ReplicateLayout.replicate_layout 985:Src text UUid:458a18c1-8368-43b9-9fc9-3ee80489aa0d
05-11 11:11:53 com_github_MitjaNemec_ReplicateLayout.replicate_layout 986:Dst text UUid:1b791247-1a3b-4743-a9a8-0c4674afb135
05-11 11:11:53 com_github_MitjaNemec_ReplicateLayout.replicate_layout 985:Src text UUid:edda53d7-1db0-4df3-b783-56c301de4a6c
05-11 11:11:53 com_github_MitjaNemec_ReplicateLayout.replicate_layout 986:Dst text UUid:44d0b4d6-63a6-4d09-b5a6-262ca9fd9700
05-11 11:11:53 com_github_MitjaNemec_ReplicateLayout.replicate_layout 868:Replicating footprints on sheet ['/SSR 2/']
05-11 11:11:53 com_github_MitjaNemec_ReplicateLayout.replicate_layout 985:Src text UUid:adfbd636-20c9-4dc8-a0ef-5cacda59ab59
05-11 11:11:53 com_github_MitjaNemec_ReplicateLayout.replicate_layout 986:Dst text UUid:21b9247b-fad4-4d93-b0e5-42e57f87dad2
05-11 11:11:53 com_github_MitjaNemec_ReplicateLayout.replicate_layout 985:Src text UUid:2ad6c8f5-c3cd-41d5-a7c0-f3d45a9bb8ee
05-11 11:11:53 com_github_MitjaNemec_ReplicateLayout.replicate_layout 986:Dst text UUid:6d8ec904-81d0-4ab0-b3d4-001b7fc383c3
05-11 11:11:53 com_github_MitjaNemec_ReplicateLayout.replicate_layout 985:Src text UUid:87aae159-9028-4536-8d80-8bdb2885504e
05-11 11:11:53 com_github_MitjaNemec_ReplicateLayout.replicate_layout 986:Dst text UUid:edf36110-8552-4eb4-98d3-8dc31b7057b6
05-11 11:11:53 com_github_MitjaNemec_ReplicateLayout.replicate_layout 985:Src text UUid:38d11e16-d97b-47d6-a379-511d8d6cba18
05-11 11:11:53 com_github_MitjaNemec_ReplicateLayout.replicate_layout 986:Dst text UUid:9625faf0-8a66-4210-917c-04eb44627e21
05-11 11:11:53 com_github_MitjaNemec_ReplicateLayout.replicate_layout 985:Src text UUid:c34865d8-bdf8-401a-b8bc-82909f1f9aa0
05-11 11:11:53 com_github_MitjaNemec_ReplicateLayout.replicate_layout 986:Dst text UUid:4b62796a-b6c9-4394-8131-74dac00024bf
05-11 11:11:53 com_github_MitjaNemec_ReplicateLayout.replicate_layout 985:Src text UUid:b2e65f3f-a43c-4136-87ce-c6d9597c4fa1
05-11 11:11:53 com_github_MitjaNemec_ReplicateLayout.replicate_layout 986:Dst text UUid:e6944bfb-969d-4c53-8d5c-df05ea390ac5
05-11 11:11:53 com_github_MitjaNemec_ReplicateLayout.replicate_layout 985:Src text UUid:500a11ee-766e-4464-a52d-34b538df9d89
05-11 11:11:53 com_github_MitjaNemec_ReplicateLayout.replicate_layout 986:Dst text UUid:bf389f86-30c0-4e59-b4ca-cf6524ec78e2
05-11 11:11:53 com_github_MitjaNemec_ReplicateLayout.replicate_layout 985:Src text UUid:706769e2-f75c-49bd-9ba5-ba354ce21533
05-11 11:11:53 com_github_MitjaNemec_ReplicateLayout.replicate_layout 986:Dst text UUid:58278bee-edc3-4ae2-99c1-3171c9f61c3d
05-11 11:11:53 com_github_MitjaNemec_ReplicateLayout.replicate_layout 985:Src text UUid:d56ed395-80c4-4776-8e5b-ee66fca2d3a9
05-11 11:11:53 com_github_MitjaNemec_ReplicateLayout.replicate_layout 986:Dst text UUid:5fde3f01-1517-46a6-9af8-a0edcbe87cf0
05-11 11:11:53 com_github_MitjaNemec_ReplicateLayout.replicate_layout 985:Src text UUid:ff2b82e0-88fe-4a7b-87f5-2ebe0a6374b3
05-11 11:11:53 com_github_MitjaNemec_ReplicateLayout.replicate_layout 986:Dst text UUid:843af856-7704-414c-a1fd-a2d9d6a89483
05-11 11:11:53 com_github_MitjaNemec_ReplicateLayout.replicate_layout 985:Src text UUid:e767c010-a19f-4206-a3e7-aa882c318126
05-11 11:11:53 com_github_MitjaNemec_ReplicateLayout.replicate_layout 986:Dst text UUid:524da988-219b-4c31-8d12-47d358eb7c3d
05-11 11:11:53 com_github_MitjaNemec_ReplicateLayout.replicate_layout 985:Src text UUid:8a05fd95-1885-4d2e-94d8-6309aefe82f5
05-11 11:11:53 com_github_MitjaNemec_ReplicateLayout.replicate_layout 986:Dst text UUid:2428029c-0203-4191-aeff-3965babc6b6b
05-11 11:11:53 com_github_MitjaNemec_ReplicateLayout.replicate_layout 985:Src text UUid:976addd1-f235-4367-a9bf-ccc2086c12a0
05-11 11:11:53 com_github_MitjaNemec_ReplicateLayout.replicate_layout 986:Dst text UUid:115365d2-4707-423f-8ac6-9f2a2e0679f2
05-11 11:11:53 com_github_MitjaNemec_ReplicateLayout.replicate_layout 985:Src text UUid:d80cd762-4252-4d30-8643-fc70af7cddb8
05-11 11:11:53 com_github_MitjaNemec_ReplicateLayout.replicate_layout 986:Dst text UUid:6dec1d11-f1a3-4074-a4f1-b57299404c67
05-11 11:11:53 com_github_MitjaNemec_ReplicateLayout.replicate_layout 985:Src text UUid:d1ff22cf-c9e0-4430-9734-2d8bd88fdfc7
05-11 11:11:53 com_github_MitjaNemec_ReplicateLayout.replicate_layout 986:Dst text UUid:3f75794a-d7db-463f-b9bd-41c9c79d1492
05-11 11:11:53 com_github_MitjaNemec_ReplicateLayout.replicate_layout 985:Src text UUid:001be0c7-ca2c-41d5-92df-cfe01870035b
05-11 11:11:53 com_github_MitjaNemec_ReplicateLayout.replicate_layout 986:Dst text UUid:eb3ffec7-2580-411b-99ad-8c1f6f3337a8
05-11 11:11:53 com_github_MitjaNemec_ReplicateLayout.replicate_layout 985:Src text UUid:1fff252c-fb37-4185-bab5-4d515e458108
05-11 11:11:53 com_github_MitjaNemec_ReplicateLayout.replicate_layout 986:Dst text UUid:9bd1b189-be96-401d-9253-ce5376c88a11
05-11 11:11:53 com_github_MitjaNemec_ReplicateLayout.replicate_layout 985:Src text UUid:75676c3a-91ce-4072-a417-90c3903e21d4
05-11 11:11:53 com_github_MitjaNemec_ReplicateLayout.replicate_layout 986:Dst text UUid:fcd4fceb-d127-4434-8b2e-5a67a59cc65d
05-11 11:11:53 com_github_MitjaNemec_ReplicateLayout.replicate_layout 985:Src text UUid:e44baea5-9fca-42ea-a3f7-b06b6bc4af1f
05-11 11:11:53 com_github_MitjaNemec_ReplicateLayout.replicate_layout 986:Dst text UUid:9ef1c5b8-d898-40ea-a253-496e440aa84e
05-11 11:11:53 com_github_MitjaNemec_ReplicateLayout.replicate_layout 985:Src text UUid:458a18c1-8368-43b9-9fc9-3ee80489aa0d
05-11 11:11:53 com_github_MitjaNemec_ReplicateLayout.replicate_layout 986:Dst text UUid:38e3d406-88b1-43d2-b644-daf2bb001392
05-11 11:11:53 com_github_MitjaNemec_ReplicateLayout.replicate_layout 985:Src text UUid:edda53d7-1db0-4df3-b783-56c301de4a6c
05-11 11:11:53 com_github_MitjaNemec_ReplicateLayout.replicate_layout 986:Dst text UUid:9fc536e8-d371-48ee-91e2-5dbf0a5b7626
05-11 11:11:53 com_github_MitjaNemec_ReplicateLayout.replicate_layout 868:Replicating footprints on sheet ['/SSR 3/']
05-11 11:11:53 com_github_MitjaNemec_ReplicateLayout.replicate_layout 985:Src text UUid:adfbd636-20c9-4dc8-a0ef-5cacda59ab59
05-11 11:11:53 com_github_MitjaNemec_ReplicateLayout.replicate_layout 986:Dst text UUid:996a6d69-f879-4ab2-b791-59a9e6ee6750
05-11 11:11:53 com_github_MitjaNemec_ReplicateLayout.replicate_layout 985:Src text UUid:2ad6c8f5-c3cd-41d5-a7c0-f3d45a9bb8ee
05-11 11:11:53 com_github_MitjaNemec_ReplicateLayout.replicate_layout 986:Dst text UUid:ac46353b-242f-40ab-89f4-ab447c464575
05-11 11:11:53 com_github_MitjaNemec_ReplicateLayout.replicate_layout 985:Src text UUid:87aae159-9028-4536-8d80-8bdb2885504e
05-11 11:11:53 com_github_MitjaNemec_ReplicateLayout.replicate_layout 986:Dst text UUid:ba3ca443-76be-47b0-8cff-bd48c34aab0b
05-11 11:11:53 root 345:updating GUI with: 76
05-11 11:11:53 com_github_MitjaNemec_ReplicateLayout.replicate_layout 985:Src text UUid:38d11e16-d97b-47d6-a379-511d8d6cba18
05-11 11:11:53 com_github_MitjaNemec_ReplicateLayout.replicate_layout 986:Dst text UUid:66c35bbb-481c-44c9-8b34-9e143a558136
05-11 11:11:53 com_github_MitjaNemec_ReplicateLayout.replicate_layout 985:Src text UUid:c34865d8-bdf8-401a-b8bc-82909f1f9aa0
05-11 11:11:53 com_github_MitjaNemec_ReplicateLayout.replicate_layout 986:Dst text UUid:e24f1461-5fdf-419e-951d-96778209d9a2
05-11 11:11:53 com_github_MitjaNemec_ReplicateLayout.replicate_layout 985:Src text UUid:b2e65f3f-a43c-4136-87ce-c6d9597c4fa1
05-11 11:11:53 com_github_MitjaNemec_ReplicateLayout.replicate_layout 986:Dst text UUid:1edd6108-1207-4509-bc75-924058c01c84
05-11 11:11:53 root 345:updating GUI with: 80
05-11 11:11:53 com_github_MitjaNemec_ReplicateLayout.replicate_layout 985:Src text UUid:500a11ee-766e-4464-a52d-34b538df9d89
05-11 11:11:53 com_github_MitjaNemec_ReplicateLayout.replicate_layout 986:Dst text UUid:aaba26cb-b762-467c-9e3b-beb206940b06
05-11 11:11:53 com_github_MitjaNemec_ReplicateLayout.replicate_layout 985:Src text UUid:706769e2-f75c-49bd-9ba5-ba354ce21533
05-11 11:11:53 com_github_MitjaNemec_ReplicateLayout.replicate_layout 986:Dst text UUid:11c397d2-3629-41f0-a23f-89cda1eea68c
05-11 11:11:53 com_github_MitjaNemec_ReplicateLayout.replicate_layout 985:Src text UUid:d56ed395-80c4-4776-8e5b-ee66fca2d3a9
05-11 11:11:53 com_github_MitjaNemec_ReplicateLayout.replicate_layout 986:Dst text UUid:6a20920c-39cd-4580-a0b9-4d3a0c6af097
05-11 11:11:53 com_github_MitjaNemec_ReplicateLayout.replicate_layout 985:Src text UUid:ff2b82e0-88fe-4a7b-87f5-2ebe0a6374b3
05-11 11:11:53 com_github_MitjaNemec_ReplicateLayout.replicate_layout 986:Dst text UUid:80f609ec-4f42-4854-97f1-6f3ec9343180
05-11 11:11:53 com_github_MitjaNemec_ReplicateLayout.replicate_layout 985:Src text UUid:e767c010-a19f-4206-a3e7-aa882c318126
05-11 11:11:53 com_github_MitjaNemec_ReplicateLayout.replicate_layout 986:Dst text UUid:97315d2e-8e3d-42f5-986a-383634003be4
05-11 11:11:53 com_github_MitjaNemec_ReplicateLayout.replicate_layout 985:Src text UUid:8a05fd95-1885-4d2e-94d8-6309aefe82f5
05-11 11:11:53 com_github_MitjaNemec_ReplicateLayout.replicate_layout 986:Dst text UUid:744a828a-8a7c-4389-9b61-c7ad5d01315f
05-11 11:11:53 com_github_MitjaNemec_ReplicateLayout.replicate_layout 985:Src text UUid:976addd1-f235-4367-a9bf-ccc2086c12a0
05-11 11:11:53 com_github_MitjaNemec_ReplicateLayout.replicate_layout 986:Dst text UUid:a0111ff6-4c3a-4fef-a927-b8d1cd80532c
05-11 11:11:53 com_github_MitjaNemec_ReplicateLayout.replicate_layout 985:Src text UUid:d80cd762-4252-4d30-8643-fc70af7cddb8
05-11 11:11:53 com_github_MitjaNemec_ReplicateLayout.replicate_layout 986:Dst text UUid:5b00f52f-1da5-4601-9b35-1af9b26796bc
05-11 11:11:53 com_github_MitjaNemec_ReplicateLayout.replicate_layout 985:Src text UUid:d1ff22cf-c9e0-4430-9734-2d8bd88fdfc7
05-11 11:11:53 com_github_MitjaNemec_ReplicateLayout.replicate_layout 986:Dst text UUid:167ad851-a96e-49b5-af48-e10acf644cd5
05-11 11:11:53 com_github_MitjaNemec_ReplicateLayout.replicate_layout 985:Src text UUid:001be0c7-ca2c-41d5-92df-cfe01870035b
05-11 11:11:53 com_github_MitjaNemec_ReplicateLayout.replicate_layout 986:Dst text UUid:edd78f62-1cac-4ffc-8397-e1e6a5723ef1
05-11 11:11:53 com_github_MitjaNemec_ReplicateLayout.replicate_layout 985:Src text UUid:1fff252c-fb37-4185-bab5-4d515e458108
05-11 11:11:53 com_github_MitjaNemec_ReplicateLayout.replicate_layout 986:Dst text UUid:76a8a04a-540f-4e0e-9d9e-7921ac9a6cdc
05-11 11:11:53 com_github_MitjaNemec_ReplicateLayout.replicate_layout 985:Src text UUid:75676c3a-91ce-4072-a417-90c3903e21d4
05-11 11:11:53 com_github_MitjaNemec_ReplicateLayout.replicate_layout 986:Dst text UUid:817edf39-b463-4ca5-a19d-5d0f09ccb330
05-11 11:11:53 com_github_MitjaNemec_ReplicateLayout.replicate_layout 985:Src text UUid:e44baea5-9fca-42ea-a3f7-b06b6bc4af1f
05-11 11:11:53 com_github_MitjaNemec_ReplicateLayout.replicate_layout 986:Dst text UUid:16c1bbb5-f32c-417a-9845-03c858323f41
05-11 11:11:53 com_github_MitjaNemec_ReplicateLayout.replicate_layout 985:Src text UUid:458a18c1-8368-43b9-9fc9-3ee80489aa0d
05-11 11:11:53 com_github_MitjaNemec_ReplicateLayout.replicate_layout 986:Dst text UUid:6a625195-0991-4fde-b5c0-e5a2f8e8fd45
05-11 11:11:53 com_github_MitjaNemec_ReplicateLayout.replicate_layout 985:Src text UUid:edda53d7-1db0-4df3-b783-56c301de4a6c
05-11 11:11:53 com_github_MitjaNemec_ReplicateLayout.replicate_layout 986:Dst text UUid:b72748dd-7b38-4136-8b3d-3d37ada0abda
05-11 11:11:53 root 340:updating GUI message: 'Replicating tracks'
05-11 11:11:53 com_github_MitjaNemec_ReplicateLayout.replicate_layout 1009:Replicating tracks
05-11 11:11:53 com_github_MitjaNemec_ReplicateLayout.replicate_layout 1015:Replicating tracks on sheet ['/SSR 1/']
05-11 11:11:53 com_github_MitjaNemec_ReplicateLayout.replicate_layout 792:Net pairs for sheet ['/SSR 1/'] :[('unconnected-(U601-NC-Pad5)', 'unconnected-(U301-NC-Pad5)'), ('/SSR 4/MAIN_OUT', '/SSR 1/MAIN_OUT'), ('', ''), ('Net-(C601-Pad1)', 'Net-(C301-Pad1)'), ('+3V3', '+3V3'), ('Net-(R603-Pad1)', 'Net-(R303-Pad1)'), ('/Phase_L', '/Phase_L'), ('Net-(D601-G)', 'Net-(D301-G)'), ('Net-(R601-Pad2)', 'Net-(R301-Pad2)'), ('/PCB Interconnect/SSR3', '/PCB Interconnect/SSR1'), ('unconnected-(U601-NC-Pad3)', 'unconnected-(U301-NC-Pad3)')]
05-11 11:11:53 com_github_MitjaNemec_ReplicateLayout.replicate_layout 1015:Replicating tracks on sheet ['/SSR 2/']
05-11 11:11:53 com_github_MitjaNemec_ReplicateLayout.replicate_layout 792:Net pairs for sheet ['/SSR 2/'] :[('/PCB Interconnect/SSR3', '/PCB Interconnect/SSR2'), ('Net-(D601-G)', 'Net-(D401-G)'), ('', ''), ('unconnected-(U601-NC-Pad5)', 'unconnected-(U401-NC-Pad5)'), ('+3V3', '+3V3'), ('unconnected-(U601-NC-Pad3)', 'unconnected-(U401-NC-Pad3)'), ('/Phase_L', '/Phase_L'), ('Net-(C601-Pad1)', 'Net-(C401-Pad1)'), ('Net-(R603-Pad1)', 'Net-(R403-Pad1)'), ('/SSR 4/MAIN_OUT', '/SSR 2/MAIN_OUT'), ('Net-(R601-Pad2)', 'Net-(R401-Pad2)')]
05-11 11:11:53 root 345:updating GUI with: 66
05-11 11:11:53 com_github_MitjaNemec_ReplicateLayout.replicate_layout 1015:Replicating tracks on sheet ['/SSR 3/']
05-11 11:11:53 com_github_MitjaNemec_ReplicateLayout.replicate_layout 792:Net pairs for sheet ['/SSR 3/'] :[('', ''), ('+3V3', '+3V3'), ('Net-(D601-G)', 'Net-(D501-G)'), ('/Phase_L', '/Phase_L'), ('Net-(C601-Pad1)', 'Net-(C501-Pad1)'), ('Net-(R601-Pad2)', 'Net-(R501-Pad2)'), ('/PCB Interconnect/SSR3', '/PCB Interconnect/SSR4'), ('/SSR 4/MAIN_OUT', '/SSR 3/MAIN_OUT'), ('Net-(R603-Pad1)', 'Net-(R503-Pad1)'), ('unconnected-(U601-NC-Pad5)', 'unconnected-(U501-NC-Pad5)'), ('unconnected-(U601-NC-Pad3)', 'unconnected-(U501-NC-Pad3)')]
05-11 11:11:53 root 340:updating GUI message: 'Replicating zones'
05-11 11:11:53 com_github_MitjaNemec_ReplicateLayout.replicate_layout 1079:Replicating zones
05-11 11:11:53 com_github_MitjaNemec_ReplicateLayout.replicate_layout 1086:Replicating zones on sheet ['/SSR 1/']
05-11 11:11:53 com_github_MitjaNemec_ReplicateLayout.replicate_layout 792:Net pairs for sheet ['/SSR 1/'] :[('unconnected-(U601-NC-Pad5)', 'unconnected-(U301-NC-Pad5)'), ('/SSR 4/MAIN_OUT', '/SSR 1/MAIN_OUT'), ('', ''), ('Net-(C601-Pad1)', 'Net-(C301-Pad1)'), ('+3V3', '+3V3'), ('Net-(R603-Pad1)', 'Net-(R303-Pad1)'), ('/Phase_L', '/Phase_L'), ('Net-(D601-G)', 'Net-(D301-G)'), ('Net-(R601-Pad2)', 'Net-(R301-Pad2)'), ('/PCB Interconnect/SSR3', '/PCB Interconnect/SSR1'), ('unconnected-(U601-NC-Pad3)', 'unconnected-(U301-NC-Pad3)')]
05-11 11:11:53 com_github_MitjaNemec_ReplicateLayout.replicate_layout 1086:Replicating zones on sheet ['/SSR 2/']
05-11 11:11:53 com_github_MitjaNemec_ReplicateLayout.replicate_layout 792:Net pairs for sheet ['/SSR 2/'] :[('/PCB Interconnect/SSR3', '/PCB Interconnect/SSR2'), ('Net-(D601-G)', 'Net-(D401-G)'), ('', ''), ('unconnected-(U601-NC-Pad5)', 'unconnected-(U401-NC-Pad5)'), ('+3V3', '+3V3'), ('unconnected-(U601-NC-Pad3)', 'unconnected-(U401-NC-Pad3)'), ('/Phase_L', '/Phase_L'), ('Net-(C601-Pad1)', 'Net-(C401-Pad1)'), ('Net-(R603-Pad1)', 'Net-(R403-Pad1)'), ('/SSR 4/MAIN_OUT', '/SSR 2/MAIN_OUT'), ('Net-(R601-Pad2)', 'Net-(R401-Pad2)')]
05-11 11:11:53 com_github_MitjaNemec_ReplicateLayout.replicate_layout 1086:Replicating zones on sheet ['/SSR 3/']
05-11 11:11:53 com_github_MitjaNemec_ReplicateLayout.replicate_layout 792:Net pairs for sheet ['/SSR 3/'] :[('', ''), ('+3V3', '+3V3'), ('Net-(D601-G)', 'Net-(D501-G)'), ('/Phase_L', '/Phase_L'), ('Net-(C601-Pad1)', 'Net-(C501-Pad1)'), ('Net-(R601-Pad2)', 'Net-(R501-Pad2)'), ('/PCB Interconnect/SSR3', '/PCB Interconnect/SSR4'), ('/SSR 4/MAIN_OUT', '/SSR 3/MAIN_OUT'), ('Net-(R603-Pad1)', 'Net-(R503-Pad1)'), ('unconnected-(U601-NC-Pad5)', 'unconnected-(U501-NC-Pad5)'), ('unconnected-(U601-NC-Pad3)', 'unconnected-(U501-NC-Pad3)')]
05-11 11:11:53 root 340:updating GUI message: 'Replicating text'
05-11 11:11:53 com_github_MitjaNemec_ReplicateLayout.replicate_layout 1168:Replicating text
05-11 11:11:53 root 345:updating GUI with: 0
05-11 11:11:53 com_github_MitjaNemec_ReplicateLayout.replicate_layout 1175:Replicating text on sheet ['/SSR 1/']
05-11 11:11:53 com_github_MitjaNemec_ReplicateLayout.replicate_layout 1175:Replicating text on sheet ['/SSR 2/']
05-11 11:11:53 com_github_MitjaNemec_ReplicateLayout.replicate_layout 1175:Replicating text on sheet ['/SSR 3/']
05-11 11:11:53 root 340:updating GUI message: 'Replicating drawings'
05-11 11:11:53 com_github_MitjaNemec_ReplicateLayout.replicate_layout 1219:Replicating drawings
05-11 11:11:53 com_github_MitjaNemec_ReplicateLayout.replicate_layout 1225:Replicating drawings on sheet ['/SSR 1/']
05-11 11:11:53 com_github_MitjaNemec_ReplicateLayout.replicate_layout 1225:Replicating drawings on sheet ['/SSR 2/']
05-11 11:11:53 com_github_MitjaNemec_ReplicateLayout.replicate_layout 1225:Replicating drawings on sheet ['/SSR 3/']
05-11 11:11:53 com_github_MitjaNemec_ReplicateLayout.action_replicate_layout 264:Replication complete
